abi.go
all_test.go
ast.go
check.go
etc.go
gc.go
internal/abi.go
internal/ebnf/all_test.go
internal/ebnf/etc.go
internal/ebnf/main.go
internal/ebnf/testdata/parser/1.go
internal/ebnf/testdata/parser/2.go
internal/ebnf/testdata/parser/3.go
internal/ebnf/testdata/parser/4.go
internal/ebnf/testdata/parser/5.go
parser.go
scanner.go
scanner_test.go
stringer.go
type.go
value.go
